
Admin@DESKTOP-R0CGC58 MINGW64 ~/Desktop/moj projekt
$ echo "# projekt" >> README.md

Admin@DESKTOP-R0CGC58 MINGW64 ~/Desktop/moj projekt
$ git init
Initialized empty Git repository in C:/Users/Admin/Desktop/moj projekt/.git/

Admin@DESKTOP-R0CGC58 MINGW64 ~/Desktop/moj projekt (master)
$ git ststus
git: 'ststus' is not a git command. See 'git --help'.

The most similar command is
        status

Admin@DESKTOP-R0CGC58 MINGW64 ~/Desktop/moj projekt (master)
$ git status
On branch master

No commits yet

Untracked files:
  (use "git add <file>..." to include in what will be committed)
        README.md
        main.py

nothing added to commit but untracked files present (use "git add" to track)

Admin@DESKTOP-R0CGC58 MINGW64 ~/Desktop/moj projekt (master)
$ git add .
warning: in the working copy of 'README.md', LF will be replaced by CRLF the next time Git touches it

Admin@DESKTOP-R0CGC58 MINGW64 ~/Desktop/moj projekt (master)
$ git commit -m"first"
[master (root-commit) 755db46] first
 2 files changed, 8 insertions(+)
 create mode 100644 README.md
 create mode 100644 main.py

Admin@DESKTOP-R0CGC58 MINGW64 ~/Desktop/moj projekt (master)
$ git branch -M main

Admin@DESKTOP-R0CGC58 MINGW64 ~/Desktop/moj projekt (main)
$ git remote add origin https://github.com/Kasia12121/projekt.git

Admin@DESKTOP-R0CGC58 MINGW64 ~/Desktop/moj projekt (main)
$ git push -u origin main
warning: could not find UI helper 'GitHub.UI'
